// Jest Snapshot v1, https://goo.gl/fbAQLP

exports[`Pruebas de <FirstApp /> Debe de coincidir con el Snapshot 1`] = `
<div>
  <h1
    data-testid="test-title"
  >
    Hello, I'm John Doe
  </h1>
  <p>
    No subtitle
  </p>
  <p>
    No subtitle
  </p>
  <p>
    John Doe
  </p>
</div>
`;
